INFO  [2021-02-05 15:46:14] hello
